2026-06-10 21:51:56.541 INFO  [background-preinit] org.hibernate.validator.internal.util.Version - HV000001: Hibernate Validator 8.0.1.Final
2026-06-10 21:51:56.622 INFO  [main] com.ekart.product.ProductServiceApplication - Starting ProductServiceApplication using Java 21.0.11 with PID 3588 (C:\Users\Mazin Shamshad\Downloads\ekart\product-service\target\classes started by Mazin Shamshad in C:\Users\Mazin Shamshad\Downloads\ekart\product-service)
2026-06-10 21:51:56.630 INFO  [main] com.ekart.product.ProductServiceApplication - No active profile set, falling back to 1 default profile: "default"
2026-06-10 21:51:58.250 INFO  [main] org.springframework.data.repository.config.RepositoryConfigurationDelegate - Bootstrapping Spring Data JPA repositories in DEFAULT mode.
2026-06-10 21:51:58.558 INFO  [main] org.springframework.data.repository.config.RepositoryConfigurationDelegate - Finished Spring Data repository scanning in 294 ms. Found 1 JPA repository interface.
2026-06-10 21:51:58.873 INFO  [main] org.springframework.cloud.context.scope.GenericScope - BeanFactory id=4091612d-207e-3bc5-aac0-c007de0b08c0
2026-06-10 21:51:59.373 WARN  [main] org.springframework.context.support.PostProcessorRegistrationDelegate$BeanPostProcessorChecker - Bean 'org.springframework.cloud.client.loadbalancer.LoadBalancerAutoConfiguration$DeferringLoadBalancerInterceptorConfig' of type [org.springframework.cloud.client.loadbalancer.LoadBalancerAutoConfiguration$DeferringLoadBalancerInterceptorConfig] is not eligible for getting processed by all BeanPostProcessors (for example: not eligible for auto-proxying). The currently created BeanPostProcessor [lbRestClientPostProcessor] is declared through a non-static factory method on that class; consider declaring it as static instead.
2026-06-10 21:51:59.379 WARN  [main] org.springframework.context.support.PostProcessorRegistrationDelegate$BeanPostProcessorChecker - Bean 'deferringLoadBalancerInterceptor' of type [org.springframework.cloud.client.loadbalancer.DeferringLoadBalancerInterceptor] is not eligible for getting processed by all BeanPostProcessors (for example: not eligible for auto-proxying). Is this bean getting eagerly injected into a currently created BeanPostProcessor [lbRestClientPostProcessor]? Check the corresponding BeanPostProcessor declaration and its dependencies.
2026-06-10 21:51:59.869 INFO  [main] org.springframework.boot.web.embedded.tomcat.TomcatWebServer - Tomcat initialized with port 8082 (http)
2026-06-10 21:51:59.888 INFO  [main] org.apache.coyote.http11.Http11NioProtocol - Initializing ProtocolHandler ["http-nio-8082"]
2026-06-10 21:51:59.894 INFO  [main] org.apache.catalina.core.StandardService - Starting service [Tomcat]
2026-06-10 21:51:59.895 INFO  [main] org.apache.catalina.core.StandardEngine - Starting Servlet engine: [Apache Tomcat/10.1.30]
2026-06-10 21:52:00.002 INFO  [main] org.apache.catalina.core.ContainerBase.[Tomcat].[localhost].[/] - Initializing Spring embedded WebApplicationContext
2026-06-10 21:52:00.005 INFO  [main] org.springframework.boot.web.servlet.context.ServletWebServerApplicationContext - Root WebApplicationContext: initialization completed in 3308 ms
2026-06-10 21:52:00.926 INFO  [main] org.hibernate.jpa.internal.util.LogHelper - HHH000204: Processing PersistenceUnitInfo [name: default]
2026-06-10 21:52:01.033 INFO  [main] org.hibernate.Version - HHH000412: Hibernate ORM core version 6.5.3.Final
2026-06-10 21:52:01.098 INFO  [main] org.hibernate.cache.internal.RegionFactoryInitiator - HHH000026: Second-level cache disabled
2026-06-10 21:52:01.576 INFO  [main] org.springframework.orm.jpa.persistenceunit.SpringPersistenceUnitInfo - No LoadTimeWeaver setup: ignoring JPA class transformer
2026-06-10 21:52:01.632 INFO  [main] com.zaxxer.hikari.HikariDataSource - HikariPool-1 - Starting...
2026-06-10 21:52:01.905 INFO  [main] com.zaxxer.hikari.pool.HikariPool - HikariPool-1 - Added connection com.mysql.cj.jdbc.ConnectionImpl@11a7840f
2026-06-10 21:52:01.907 INFO  [main] com.zaxxer.hikari.HikariDataSource - HikariPool-1 - Start completed.
2026-06-10 21:52:01.996 WARN  [main] org.hibernate.orm.deprecation - HHH90000025: MySQLDialect does not need to be specified explicitly using 'hibernate.dialect' (remove the property setting and it will be selected by default)
2026-06-10 21:52:03.405 INFO  [main] org.hibernate.engine.transaction.jta.platform.internal.JtaPlatformInitiator - HHH000489: No JTA platform available (set 'hibernate.transaction.jta.platform' to enable JTA platform integration)
2026-06-10 21:52:03.499 INFO  [main] org.springframework.orm.jpa.LocalContainerEntityManagerFactoryBean - Initialized JPA EntityManagerFactory for persistence unit 'default'
2026-06-10 21:52:05.953 WARN  [main] org.springframework.cloud.loadbalancer.config.LoadBalancerCacheAutoConfiguration$LoadBalancerCaffeineWarnLogger - Spring Cloud LoadBalancer is currently working with the default cache. While this cache implementation is useful for development and tests, it's recommended to use Caffeine cache in production.You can switch to using Caffeine cache, by adding it and org.springframework.cache.caffeine.CaffeineCacheManager to the classpath.
2026-06-10 21:52:05.971 INFO  [main] org.springframework.boot.actuate.endpoint.web.EndpointLinksResolver - Exposing 2 endpoints beneath base path '/actuator'
2026-06-10 21:52:06.082 INFO  [main] org.apache.coyote.http11.Http11NioProtocol - Starting ProtocolHandler ["http-nio-8082"]
2026-06-10 21:52:06.116 INFO  [main] org.springframework.boot.web.embedded.tomcat.TomcatWebServer - Tomcat started on port 8082 (http) with context path '/'
2026-06-10 21:52:06.120 INFO  [main] org.springframework.cloud.consul.serviceregistry.ConsulServiceRegistry - Registering service with consul: NewService{id='product-service-8082', name='product-service', tags=[], address='192.168.1.107', meta={secure=false}, port=8082, enableTagOverride=null, check=Check{script='null', dockerContainerID='null', shell='null', interval='10s', ttl='null', http='http://192.168.1.107:8082/actuator/health', method='null', header={}, tcp='null', timeout='null', deregisterCriticalServiceAfter='null', tlsSkipVerify=null, status='null', grpc='null', grpcUseTLS=null}, checks=null}
2026-06-10 21:52:06.199 INFO  [main] com.ekart.product.ProductServiceApplication - Started ProductServiceApplication in 10.266 seconds (process running for 11.682)
2026-06-10 21:52:12.131 INFO  [http-nio-8082-exec-1] org.apache.catalina.core.ContainerBase.[Tomcat].[localhost].[/] - Initializing Spring DispatcherServlet 'dispatcherServlet'
2026-06-10 21:52:12.133 INFO  [http-nio-8082-exec-1] org.springframework.web.servlet.DispatcherServlet - Initializing Servlet 'dispatcherServlet'
2026-06-10 21:52:12.141 INFO  [http-nio-8082-exec-1] org.springframework.web.servlet.DispatcherServlet - Completed initialization in 6 ms
2026-06-10 22:18:06.303 DEBUG [http-nio-8082-exec-4] com.ekart.product.utility.LoggingAspect - Enter: ProductController.getAllProducts() with args = []
2026-06-10 22:18:06.809 DEBUG [http-nio-8082-exec-4] com.ekart.product.utility.LoggingAspect - Enter: ProductServiceImpl.getAllProducts() with args = []
2026-06-10 22:18:08.336 DEBUG [http-nio-8082-exec-4] com.ekart.product.utility.LoggingAspect - Exit: ProductServiceImpl.getAllProducts() (1524 ms) with result = [com.ekart.product.dto.ProductDto@6b3b04ed, com.ekart.product.dto.ProductDto@26d78164, com.ekart.product.dto.ProductDto@7663aaa, com.ekart.product.dto.ProductDto@1dab4a1, com.ekart.product.dto.ProductDto@3275d41b, com.ekart.product.dto.ProductDto@28b3af90, com.ekart.product.dto.ProductDto@1eb67346, com.ekart.product.dto.ProductDto@4a9da38d]
2026-06-10 22:18:08.353 DEBUG [http-nio-8082-exec-4] com.ekart.product.utility.LoggingAspect - Exit: ProductController.getAllProducts() (2028 ms) with result = <200 OK OK,[com.ekart.product.dto.ProductDto@6b3b04ed, com.ekart.product.dto.ProductDto@26d78164, com.ekart.product.dto.ProductDto@7663aaa, com.ekart.product.dto.ProductDto@1dab4a1, com.ekart.product.dto.ProductDto@3275d41b, com.ekart.product.dto.ProductDto@28b3af90, com.ekart.product.dto.ProductDto@1eb67346, com.ekart.product.dto.ProductDto@4a9da38d],[]>
2026-06-10 22:18:08.491 DEBUG [http-nio-8082-exec-8] com.ekart.product.utility.LoggingAspect - Enter: ProductController.getAllProducts() with args = []
2026-06-10 22:18:08.494 DEBUG [http-nio-8082-exec-8] com.ekart.product.utility.LoggingAspect - Enter: ProductServiceImpl.getAllProducts() with args = []
2026-06-10 22:18:08.503 DEBUG [http-nio-8082-exec-8] com.ekart.product.utility.LoggingAspect - Exit: ProductServiceImpl.getAllProducts() (9 ms) with result = [com.ekart.product.dto.ProductDto@760b328c, com.ekart.product.dto.ProductDto@16d672f9, com.ekart.product.dto.ProductDto@7d975247, com.ekart.product.dto.ProductDto@565cb469, com.ekart.product.dto.ProductDto@796c637c, com.ekart.product.dto.ProductDto@5c089712, com.ekart.product.dto.ProductDto@1bcaf3be, com.ekart.product.dto.ProductDto@2806e352]
2026-06-10 22:18:08.505 DEBUG [http-nio-8082-exec-8] com.ekart.product.utility.LoggingAspect - Exit: ProductController.getAllProducts() (13 ms) with result = <200 OK OK,[com.ekart.product.dto.ProductDto@760b328c, com.ekart.product.dto.ProductDto@16d672f9, com.ekart.product.dto.ProductDto@7d975247, com.ekart.product.dto.ProductDto@565cb469, com.ekart.product.dto.ProductDto@796c637c, com.ekart.product.dto.ProductDto@5c089712, com.ekart.product.dto.ProductDto@1bcaf3be, com.ekart.product.dto.ProductDto@2806e352],[]>
2026-06-10 22:19:22.812 DEBUG [http-nio-8082-exec-4] com.ekart.product.utility.LoggingAspect - Enter: ProductController.getAllProducts() with args = []
2026-06-10 22:19:22.814 DEBUG [http-nio-8082-exec-4] com.ekart.product.utility.LoggingAspect - Enter: ProductServiceImpl.getAllProducts() with args = []
2026-06-10 22:19:22.825 DEBUG [http-nio-8082-exec-4] com.ekart.product.utility.LoggingAspect - Exit: ProductServiceImpl.getAllProducts() (11 ms) with result = [com.ekart.product.dto.ProductDto@7eb0b31b, com.ekart.product.dto.ProductDto@2caca85e, com.ekart.product.dto.ProductDto@3276cb38, com.ekart.product.dto.ProductDto@50fed233, com.ekart.product.dto.ProductDto@2b2d8b5c, com.ekart.product.dto.ProductDto@628a383f, com.ekart.product.dto.ProductDto@66a1105d, com.ekart.product.dto.ProductDto@40e839f0]
2026-06-10 22:19:22.828 DEBUG [http-nio-8082-exec-4] com.ekart.product.utility.LoggingAspect - Exit: ProductController.getAllProducts() (15 ms) with result = <200 OK OK,[com.ekart.product.dto.ProductDto@7eb0b31b, com.ekart.product.dto.ProductDto@2caca85e, com.ekart.product.dto.ProductDto@3276cb38, com.ekart.product.dto.ProductDto@50fed233, com.ekart.product.dto.ProductDto@2b2d8b5c, com.ekart.product.dto.ProductDto@628a383f, com.ekart.product.dto.ProductDto@66a1105d, com.ekart.product.dto.ProductDto@40e839f0],[]>
2026-06-10 22:19:22.842 DEBUG [http-nio-8082-exec-8] com.ekart.product.utility.LoggingAspect - Enter: ProductController.getAllProducts() with args = []
2026-06-10 22:19:22.844 DEBUG [http-nio-8082-exec-8] com.ekart.product.utility.LoggingAspect - Enter: ProductServiceImpl.getAllProducts() with args = []
2026-06-10 22:19:22.850 DEBUG [http-nio-8082-exec-8] com.ekart.product.utility.LoggingAspect - Exit: ProductServiceImpl.getAllProducts() (6 ms) with result = [com.ekart.product.dto.ProductDto@305851c0, com.ekart.product.dto.ProductDto@5a5b74ca, com.ekart.product.dto.ProductDto@44381e59, com.ekart.product.dto.ProductDto@353ddfed, com.ekart.product.dto.ProductDto@47194edb, com.ekart.product.dto.ProductDto@46e59fd6, com.ekart.product.dto.ProductDto@42ab8b85, com.ekart.product.dto.ProductDto@1932e68a]
2026-06-10 22:19:22.854 DEBUG [http-nio-8082-exec-8] com.ekart.product.utility.LoggingAspect - Exit: ProductController.getAllProducts() (12 ms) with result = <200 OK OK,[com.ekart.product.dto.ProductDto@305851c0, com.ekart.product.dto.ProductDto@5a5b74ca, com.ekart.product.dto.ProductDto@44381e59, com.ekart.product.dto.ProductDto@353ddfed, com.ekart.product.dto.ProductDto@47194edb, com.ekart.product.dto.ProductDto@46e59fd6, com.ekart.product.dto.ProductDto@42ab8b85, com.ekart.product.dto.ProductDto@1932e68a],[]>
