2026-06-10 21:50:41.618 INFO  [background-preinit] org.hibernate.validator.internal.util.Version - HV000001: Hibernate Validator 8.0.1.Final
2026-06-10 21:50:41.748 INFO  [main] com.ekart.customer.CustomerServiceApplication - Starting CustomerServiceApplication using Java 21.0.11 with PID 12576 (C:\Users\Mazin Shamshad\Downloads\ekart\customer-service\target\classes started by Mazin Shamshad in C:\Users\Mazin Shamshad\Downloads\ekart\customer-service)
2026-06-10 21:50:41.757 INFO  [main] com.ekart.customer.CustomerServiceApplication - No active profile set, falling back to 1 default profile: "default"
2026-06-10 21:50:43.749 INFO  [main] org.springframework.data.repository.config.RepositoryConfigurationDelegate - Bootstrapping Spring Data JPA repositories in DEFAULT mode.
2026-06-10 21:50:44.114 INFO  [main] org.springframework.data.repository.config.RepositoryConfigurationDelegate - Finished Spring Data repository scanning in 341 ms. Found 1 JPA repository interface.
2026-06-10 21:50:44.590 INFO  [main] org.springframework.cloud.context.scope.GenericScope - BeanFactory id=600e1129-931a-3071-a8f0-b24ecacaf2bb
2026-06-10 21:50:45.278 WARN  [main] org.springframework.context.support.PostProcessorRegistrationDelegate$BeanPostProcessorChecker - Bean 'org.springframework.cloud.client.loadbalancer.LoadBalancerAutoConfiguration$DeferringLoadBalancerInterceptorConfig' of type [org.springframework.cloud.client.loadbalancer.LoadBalancerAutoConfiguration$DeferringLoadBalancerInterceptorConfig] is not eligible for getting processed by all BeanPostProcessors (for example: not eligible for auto-proxying). The currently created BeanPostProcessor [lbRestClientPostProcessor] is declared through a non-static factory method on that class; consider declaring it as static instead.
2026-06-10 21:50:45.298 WARN  [main] org.springframework.context.support.PostProcessorRegistrationDelegate$BeanPostProcessorChecker - Bean 'deferringLoadBalancerInterceptor' of type [org.springframework.cloud.client.loadbalancer.DeferringLoadBalancerInterceptor] is not eligible for getting processed by all BeanPostProcessors (for example: not eligible for auto-proxying). Is this bean getting eagerly injected into a currently created BeanPostProcessor [lbRestClientPostProcessor]? Check the corresponding BeanPostProcessor declaration and its dependencies.
2026-06-10 21:50:46.028 INFO  [main] org.springframework.boot.web.embedded.tomcat.TomcatWebServer - Tomcat initialized with port 8081 (http)
2026-06-10 21:50:46.059 INFO  [main] org.apache.coyote.http11.Http11NioProtocol - Initializing ProtocolHandler ["http-nio-8081"]
2026-06-10 21:50:46.068 INFO  [main] org.apache.catalina.core.StandardService - Starting service [Tomcat]
2026-06-10 21:50:46.068 INFO  [main] org.apache.catalina.core.StandardEngine - Starting Servlet engine: [Apache Tomcat/10.1.30]
2026-06-10 21:50:46.201 INFO  [main] org.apache.catalina.core.ContainerBase.[Tomcat].[localhost].[/] - Initializing Spring embedded WebApplicationContext
2026-06-10 21:50:46.204 INFO  [main] org.springframework.boot.web.servlet.context.ServletWebServerApplicationContext - Root WebApplicationContext: initialization completed in 4336 ms
2026-06-10 21:50:46.854 INFO  [main] org.hibernate.jpa.internal.util.LogHelper - HHH000204: Processing PersistenceUnitInfo [name: default]
2026-06-10 21:50:46.996 INFO  [main] org.hibernate.Version - HHH000412: Hibernate ORM core version 6.5.3.Final
2026-06-10 21:50:47.076 INFO  [main] org.hibernate.cache.internal.RegionFactoryInitiator - HHH000026: Second-level cache disabled
2026-06-10 21:50:47.691 INFO  [main] org.springframework.orm.jpa.persistenceunit.SpringPersistenceUnitInfo - No LoadTimeWeaver setup: ignoring JPA class transformer
2026-06-10 21:50:47.759 INFO  [main] com.zaxxer.hikari.HikariDataSource - HikariPool-1 - Starting...
2026-06-10 21:50:48.121 INFO  [main] com.zaxxer.hikari.pool.HikariPool - HikariPool-1 - Added connection com.mysql.cj.jdbc.ConnectionImpl@6c767288
2026-06-10 21:50:48.125 INFO  [main] com.zaxxer.hikari.HikariDataSource - HikariPool-1 - Start completed.
2026-06-10 21:50:48.269 WARN  [main] org.hibernate.orm.deprecation - HHH90000025: MySQLDialect does not need to be specified explicitly using 'hibernate.dialect' (remove the property setting and it will be selected by default)
2026-06-10 21:50:49.780 INFO  [main] org.hibernate.engine.transaction.jta.platform.internal.JtaPlatformInitiator - HHH000489: No JTA platform available (set 'hibernate.transaction.jta.platform' to enable JTA platform integration)
2026-06-10 21:50:49.960 INFO  [main] org.springframework.orm.jpa.LocalContainerEntityManagerFactoryBean - Initialized JPA EntityManagerFactory for persistence unit 'default'
2026-06-10 21:50:51.960 INFO  [main] org.springframework.boot.actuate.endpoint.web.EndpointLinksResolver - Exposing 2 endpoints beneath base path '/actuator'
2026-06-10 21:50:53.055 WARN  [main] org.springframework.cloud.loadbalancer.config.LoadBalancerCacheAutoConfiguration$LoadBalancerCaffeineWarnLogger - Spring Cloud LoadBalancer is currently working with the default cache. While this cache implementation is useful for development and tests, it's recommended to use Caffeine cache in production.You can switch to using Caffeine cache, by adding it and org.springframework.cache.caffeine.CaffeineCacheManager to the classpath.
2026-06-10 21:50:53.154 INFO  [main] org.apache.coyote.http11.Http11NioProtocol - Starting ProtocolHandler ["http-nio-8081"]
2026-06-10 21:50:53.205 INFO  [main] org.springframework.boot.web.embedded.tomcat.TomcatWebServer - Tomcat started on port 8081 (http) with context path '/'
2026-06-10 21:50:53.210 INFO  [main] org.springframework.cloud.consul.serviceregistry.ConsulServiceRegistry - Registering service with consul: NewService{id='customer-service-8081', name='customer-service', tags=[], address='192.168.1.107', meta={secure=false}, port=8081, enableTagOverride=null, check=Check{script='null', dockerContainerID='null', shell='null', interval='10s', ttl='null', http='http://192.168.1.107:8081/actuator/health', method='null', header={}, tcp='null', timeout='null', deregisterCriticalServiceAfter='null', tlsSkipVerify=null, status='null', grpc='null', grpcUseTLS=null}, checks=null}
2026-06-10 21:50:53.349 INFO  [main] com.ekart.customer.CustomerServiceApplication - Started CustomerServiceApplication in 12.728 seconds (process running for 14.632)
2026-06-10 21:51:02.353 INFO  [http-nio-8081-exec-1] org.apache.catalina.core.ContainerBase.[Tomcat].[localhost].[/] - Initializing Spring DispatcherServlet 'dispatcherServlet'
2026-06-10 21:51:02.354 INFO  [http-nio-8081-exec-1] org.springframework.web.servlet.DispatcherServlet - Initializing Servlet 'dispatcherServlet'
2026-06-10 21:51:02.360 INFO  [http-nio-8081-exec-1] org.springframework.web.servlet.DispatcherServlet - Completed initialization in 5 ms
2026-06-10 22:08:06.546 DEBUG [http-nio-8081-exec-4] com.ekart.customer.utility.LoggingAspect - Enter: CustomerController.login(..) with args = [com.ekart.customer.dto.LoginRequest@7819375f]
2026-06-10 22:08:06.649 DEBUG [http-nio-8081-exec-4] com.ekart.customer.utility.LoggingAspect - Enter: CustomerServiceImpl.login(..) with args = [com.ekart.customer.dto.LoginRequest@7819375f]
2026-06-10 22:08:06.909 ERROR [http-nio-8081-exec-4] com.ekart.customer.utility.LoggingAspect - Exception in CustomerServiceImpl.login(..): No customer found with the email id
2026-06-10 22:08:06.923 ERROR [http-nio-8081-exec-4] com.ekart.customer.utility.LoggingAspect - Exception in CustomerController.login(..): No customer found with the email id
2026-06-10 22:11:31.071 DEBUG [http-nio-8081-exec-5] com.ekart.customer.utility.LoggingAspect - Enter: CustomerController.login(..) with args = [com.ekart.customer.dto.LoginRequest@6a772ee6]
2026-06-10 22:11:31.074 DEBUG [http-nio-8081-exec-5] com.ekart.customer.utility.LoggingAspect - Enter: CustomerServiceImpl.login(..) with args = [com.ekart.customer.dto.LoginRequest@6a772ee6]
2026-06-10 22:11:31.083 ERROR [http-nio-8081-exec-5] com.ekart.customer.utility.LoggingAspect - Exception in CustomerServiceImpl.login(..): No customer found with the email id
2026-06-10 22:11:31.090 ERROR [http-nio-8081-exec-5] com.ekart.customer.utility.LoggingAspect - Exception in CustomerController.login(..): No customer found with the email id
2026-06-10 22:12:11.860 DEBUG [http-nio-8081-exec-10] com.ekart.customer.utility.LoggingAspect - Enter: CustomerController.register(..) with args = [com.ekart.customer.dto.RegisterRequest@e7157f5]
2026-06-10 22:12:11.865 DEBUG [http-nio-8081-exec-10] com.ekart.customer.utility.LoggingAspect - Enter: CustomerServiceImpl.register(..) with args = [com.ekart.customer.dto.RegisterRequest@e7157f5]
2026-06-10 22:12:12.537 DEBUG [http-nio-8081-exec-10] com.ekart.customer.utility.LoggingAspect - Exit: CustomerServiceImpl.register(..) (672 ms) with result = You are successfully registered as customer with Email Id: msjfdk@gmail.com
2026-06-10 22:12:12.703 DEBUG [http-nio-8081-exec-10] com.ekart.customer.utility.LoggingAspect - Exit: CustomerController.register(..) (841 ms) with result = <200 OK OK,You are successfully registered as customer with Email Id: msjfdk@gmail.com,[]>
2026-06-10 22:13:29.619 DEBUG [http-nio-8081-exec-10] com.ekart.customer.utility.LoggingAspect - Enter: CustomerController.register(..) with args = [com.ekart.customer.dto.RegisterRequest@6f728dc1]
2026-06-10 22:13:29.622 DEBUG [http-nio-8081-exec-10] com.ekart.customer.utility.LoggingAspect - Enter: CustomerServiceImpl.register(..) with args = [com.ekart.customer.dto.RegisterRequest@6f728dc1]
2026-06-10 22:13:29.648 ERROR [http-nio-8081-exec-10] com.ekart.customer.utility.LoggingAspect - Exception in CustomerServiceImpl.register(..): The email id is already in use. Please try with a new email id
2026-06-10 22:13:29.650 ERROR [http-nio-8081-exec-10] com.ekart.customer.utility.LoggingAspect - Exception in CustomerController.register(..): The email id is already in use. Please try with a new email id
2026-06-10 22:15:19.573 INFO  [SpringApplicationShutdownHook] org.springframework.cloud.consul.serviceregistry.ConsulServiceRegistry - Deregistering service with consul: customer-service-8081
2026-06-10 22:15:19.683 INFO  [SpringApplicationShutdownHook] org.springframework.orm.jpa.LocalContainerEntityManagerFactoryBean - Closing JPA EntityManagerFactory for persistence unit 'default'
2026-06-10 22:15:19.704 INFO  [SpringApplicationShutdownHook] com.zaxxer.hikari.HikariDataSource - HikariPool-1 - Shutdown initiated...
2026-06-10 22:15:19.761 INFO  [SpringApplicationShutdownHook] com.zaxxer.hikari.HikariDataSource - HikariPool-1 - Shutdown completed.
2026-06-10 22:16:38.135 INFO  [background-preinit] org.hibernate.validator.internal.util.Version - HV000001: Hibernate Validator 8.0.1.Final
2026-06-10 22:16:38.244 INFO  [main] com.ekart.customer.CustomerServiceApplication - Starting CustomerServiceApplication using Java 21.0.11 with PID 2900 (C:\Users\Mazin Shamshad\Downloads\ekart\customer-service\target\classes started by Mazin Shamshad in C:\Users\Mazin Shamshad\Downloads\ekart\customer-service)
2026-06-10 22:16:38.253 INFO  [main] com.ekart.customer.CustomerServiceApplication - No active profile set, falling back to 1 default profile: "default"
2026-06-10 22:16:39.972 INFO  [main] org.springframework.data.repository.config.RepositoryConfigurationDelegate - Bootstrapping Spring Data JPA repositories in DEFAULT mode.
2026-06-10 22:16:40.276 INFO  [main] org.springframework.data.repository.config.RepositoryConfigurationDelegate - Finished Spring Data repository scanning in 289 ms. Found 1 JPA repository interface.
2026-06-10 22:16:40.753 INFO  [main] org.springframework.cloud.context.scope.GenericScope - BeanFactory id=7592137b-28c5-37e5-b461-6e76830dc32a
2026-06-10 22:16:41.446 WARN  [main] org.springframework.context.support.PostProcessorRegistrationDelegate$BeanPostProcessorChecker - Bean 'org.springframework.cloud.client.loadbalancer.LoadBalancerAutoConfiguration$DeferringLoadBalancerInterceptorConfig' of type [org.springframework.cloud.client.loadbalancer.LoadBalancerAutoConfiguration$DeferringLoadBalancerInterceptorConfig] is not eligible for getting processed by all BeanPostProcessors (for example: not eligible for auto-proxying). The currently created BeanPostProcessor [lbRestClientPostProcessor] is declared through a non-static factory method on that class; consider declaring it as static instead.
2026-06-10 22:16:41.454 WARN  [main] org.springframework.context.support.PostProcessorRegistrationDelegate$BeanPostProcessorChecker - Bean 'deferringLoadBalancerInterceptor' of type [org.springframework.cloud.client.loadbalancer.DeferringLoadBalancerInterceptor] is not eligible for getting processed by all BeanPostProcessors (for example: not eligible for auto-proxying). Is this bean getting eagerly injected into a currently created BeanPostProcessor [lbRestClientPostProcessor]? Check the corresponding BeanPostProcessor declaration and its dependencies.
2026-06-10 22:16:42.020 INFO  [main] org.springframework.boot.web.embedded.tomcat.TomcatWebServer - Tomcat initialized with port 8081 (http)
2026-06-10 22:16:42.042 INFO  [main] org.apache.coyote.http11.Http11NioProtocol - Initializing ProtocolHandler ["http-nio-8081"]
2026-06-10 22:16:42.050 INFO  [main] org.apache.catalina.core.StandardService - Starting service [Tomcat]
2026-06-10 22:16:42.051 INFO  [main] org.apache.catalina.core.StandardEngine - Starting Servlet engine: [Apache Tomcat/10.1.30]
2026-06-10 22:16:42.168 INFO  [main] org.apache.catalina.core.ContainerBase.[Tomcat].[localhost].[/] - Initializing Spring embedded WebApplicationContext
2026-06-10 22:16:42.170 INFO  [main] org.springframework.boot.web.servlet.context.ServletWebServerApplicationContext - Root WebApplicationContext: initialization completed in 3830 ms
2026-06-10 22:16:42.740 INFO  [main] org.hibernate.jpa.internal.util.LogHelper - HHH000204: Processing PersistenceUnitInfo [name: default]
2026-06-10 22:16:42.878 INFO  [main] org.hibernate.Version - HHH000412: Hibernate ORM core version 6.5.3.Final
2026-06-10 22:16:42.953 INFO  [main] org.hibernate.cache.internal.RegionFactoryInitiator - HHH000026: Second-level cache disabled
2026-06-10 22:16:43.615 INFO  [main] org.springframework.orm.jpa.persistenceunit.SpringPersistenceUnitInfo - No LoadTimeWeaver setup: ignoring JPA class transformer
2026-06-10 22:16:43.680 INFO  [main] com.zaxxer.hikari.HikariDataSource - HikariPool-1 - Starting...
2026-06-10 22:16:44.006 INFO  [main] com.zaxxer.hikari.pool.HikariPool - HikariPool-1 - Added connection com.mysql.cj.jdbc.ConnectionImpl@131c5bd
2026-06-10 22:16:44.009 INFO  [main] com.zaxxer.hikari.HikariDataSource - HikariPool-1 - Start completed.
2026-06-10 22:16:44.142 WARN  [main] org.hibernate.orm.deprecation - HHH90000025: MySQLDialect does not need to be specified explicitly using 'hibernate.dialect' (remove the property setting and it will be selected by default)
2026-06-10 22:16:45.678 INFO  [main] org.hibernate.engine.transaction.jta.platform.internal.JtaPlatformInitiator - HHH000489: No JTA platform available (set 'hibernate.transaction.jta.platform' to enable JTA platform integration)
2026-06-10 22:16:45.839 INFO  [main] org.springframework.orm.jpa.LocalContainerEntityManagerFactoryBean - Initialized JPA EntityManagerFactory for persistence unit 'default'
2026-06-10 22:16:47.809 INFO  [main] org.springframework.boot.actuate.endpoint.web.EndpointLinksResolver - Exposing 2 endpoints beneath base path '/actuator'
2026-06-10 22:16:48.870 WARN  [main] org.springframework.cloud.loadbalancer.config.LoadBalancerCacheAutoConfiguration$LoadBalancerCaffeineWarnLogger - Spring Cloud LoadBalancer is currently working with the default cache. While this cache implementation is useful for development and tests, it's recommended to use Caffeine cache in production.You can switch to using Caffeine cache, by adding it and org.springframework.cache.caffeine.CaffeineCacheManager to the classpath.
2026-06-10 22:16:48.960 INFO  [main] org.apache.coyote.http11.Http11NioProtocol - Starting ProtocolHandler ["http-nio-8081"]
2026-06-10 22:16:49.002 INFO  [main] org.springframework.boot.web.embedded.tomcat.TomcatWebServer - Tomcat started on port 8081 (http) with context path '/'
2026-06-10 22:16:49.009 INFO  [main] org.springframework.cloud.consul.serviceregistry.ConsulServiceRegistry - Registering service with consul: NewService{id='customer-service-8081', name='customer-service', tags=[], address='192.168.1.107', meta={secure=false}, port=8081, enableTagOverride=null, check=Check{script='null', dockerContainerID='null', shell='null', interval='10s', ttl='null', http='http://192.168.1.107:8081/actuator/health', method='null', header={}, tcp='null', timeout='null', deregisterCriticalServiceAfter='null', tlsSkipVerify=null, status='null', grpc='null', grpcUseTLS=null}, checks=null}
2026-06-10 22:16:49.097 INFO  [main] com.ekart.customer.CustomerServiceApplication - Started CustomerServiceApplication in 11.606 seconds (process running for 13.283)
2026-06-10 22:16:56.035 INFO  [http-nio-8081-exec-1] org.apache.catalina.core.ContainerBase.[Tomcat].[localhost].[/] - Initializing Spring DispatcherServlet 'dispatcherServlet'
2026-06-10 22:16:56.035 INFO  [http-nio-8081-exec-1] org.springframework.web.servlet.DispatcherServlet - Initializing Servlet 'dispatcherServlet'
2026-06-10 22:16:56.039 INFO  [http-nio-8081-exec-1] org.springframework.web.servlet.DispatcherServlet - Completed initialization in 3 ms
2026-06-10 22:17:27.784 DEBUG [http-nio-8081-exec-8] com.ekart.customer.utility.LoggingAspect - Enter: CustomerController.login(..) with args = [com.ekart.customer.dto.LoginRequest@63c9f719]
2026-06-10 22:17:27.803 DEBUG [http-nio-8081-exec-8] com.ekart.customer.utility.LoggingAspect - Enter: CustomerServiceImpl.login(..) with args = [com.ekart.customer.dto.LoginRequest@63c9f719]
2026-06-10 22:17:27.940 ERROR [http-nio-8081-exec-8] com.ekart.customer.utility.LoggingAspect - Exception in CustomerServiceImpl.login(..): No customer found with the email id
2026-06-10 22:17:27.946 ERROR [http-nio-8081-exec-8] com.ekart.customer.utility.LoggingAspect - Exception in CustomerController.login(..): No customer found with the email id
2026-06-10 22:17:51.929 DEBUG [http-nio-8081-exec-5] com.ekart.customer.utility.LoggingAspect - Enter: CustomerController.register(..) with args = [com.ekart.customer.dto.RegisterRequest@55fc4fc3]
2026-06-10 22:17:51.932 DEBUG [http-nio-8081-exec-5] com.ekart.customer.utility.LoggingAspect - Enter: CustomerServiceImpl.register(..) with args = [com.ekart.customer.dto.RegisterRequest@55fc4fc3]
2026-06-10 22:17:52.452 DEBUG [http-nio-8081-exec-5] com.ekart.customer.utility.LoggingAspect - Exit: CustomerServiceImpl.register(..) (514 ms) with result = You are successfully registered as customer with Email Id: ms@gmail.com
2026-06-10 22:17:52.514 DEBUG [http-nio-8081-exec-5] com.ekart.customer.utility.LoggingAspect - Exit: CustomerController.register(..) (585 ms) with result = <200 OK OK,You are successfully registered as customer with Email Id: ms@gmail.com,[]>
2026-06-10 22:18:04.870 DEBUG [http-nio-8081-exec-10] com.ekart.customer.utility.LoggingAspect - Enter: CustomerController.login(..) with args = [com.ekart.customer.dto.LoginRequest@1c122e48]
2026-06-10 22:18:04.873 DEBUG [http-nio-8081-exec-10] com.ekart.customer.utility.LoggingAspect - Enter: CustomerServiceImpl.login(..) with args = [com.ekart.customer.dto.LoginRequest@1c122e48]
2026-06-10 22:18:05.312 DEBUG [http-nio-8081-exec-10] com.ekart.customer.utility.LoggingAspect - Exit: CustomerServiceImpl.login(..) (439 ms) with result = com.ekart.customer.dto.LoginResponse@62334537
2026-06-10 22:18:05.315 DEBUG [http-nio-8081-exec-10] com.ekart.customer.utility.LoggingAspect - Exit: CustomerController.login(..) (444 ms) with result = <200 OK OK,com.ekart.customer.dto.LoginResponse@62334537,[]>
