2026-06-10 21:52:34.019 INFO  [background-preinit] org.hibernate.validator.internal.util.Version - HV000001: Hibernate Validator 8.0.1.Final
2026-06-10 21:52:34.107 INFO  [main] com.ekart.cart.CartServiceApplication - Starting CartServiceApplication using Java 21.0.11 with PID 29936 (C:\Users\Mazin Shamshad\Downloads\ekart\cart-service\target\classes started by Mazin Shamshad in C:\Users\Mazin Shamshad\Downloads\ekart\cart-service)
2026-06-10 21:52:34.117 INFO  [main] com.ekart.cart.CartServiceApplication - No active profile set, falling back to 1 default profile: "default"
2026-06-10 21:52:35.884 INFO  [main] org.springframework.data.repository.config.RepositoryConfigurationDelegate - Bootstrapping Spring Data JPA repositories in DEFAULT mode.
2026-06-10 21:52:36.137 INFO  [main] org.springframework.data.repository.config.RepositoryConfigurationDelegate - Finished Spring Data repository scanning in 242 ms. Found 1 JPA repository interface.
2026-06-10 21:52:36.553 INFO  [main] org.springframework.cloud.context.scope.GenericScope - BeanFactory id=8c2c67b1-864f-30e7-aa1a-f27c33a285cf
2026-06-10 21:52:37.091 WARN  [main] org.springframework.context.support.PostProcessorRegistrationDelegate$BeanPostProcessorChecker - Bean 'org.springframework.cloud.client.loadbalancer.LoadBalancerAutoConfiguration$DeferringLoadBalancerInterceptorConfig' of type [org.springframework.cloud.client.loadbalancer.LoadBalancerAutoConfiguration$DeferringLoadBalancerInterceptorConfig] is not eligible for getting processed by all BeanPostProcessors (for example: not eligible for auto-proxying). The currently created BeanPostProcessor [lbRestClientPostProcessor] is declared through a non-static factory method on that class; consider declaring it as static instead.
2026-06-10 21:52:37.097 WARN  [main] org.springframework.context.support.PostProcessorRegistrationDelegate$BeanPostProcessorChecker - Bean 'deferringLoadBalancerInterceptor' of type [org.springframework.cloud.client.loadbalancer.DeferringLoadBalancerInterceptor] is not eligible for getting processed by all BeanPostProcessors (for example: not eligible for auto-proxying). Is this bean getting eagerly injected into a currently created BeanPostProcessor [lbRestClientPostProcessor]? Check the corresponding BeanPostProcessor declaration and its dependencies.
2026-06-10 21:52:37.106 WARN  [main] org.springframework.context.support.PostProcessorRegistrationDelegate$BeanPostProcessorChecker - Bean 'org.springframework.cloud.client.loadbalancer.reactive.LoadBalancerBeanPostProcessorAutoConfiguration' of type [org.springframework.cloud.client.loadbalancer.reactive.LoadBalancerBeanPostProcessorAutoConfiguration] is not eligible for getting processed by all BeanPostProcessors (for example: not eligible for auto-proxying). The currently created BeanPostProcessor [loadBalancerWebClientBuilderBeanPostProcessor] is declared through a non-static factory method on that class; consider declaring it as static instead.
2026-06-10 21:52:37.110 WARN  [main] org.springframework.context.support.PostProcessorRegistrationDelegate$BeanPostProcessorChecker - Bean 'org.springframework.cloud.client.loadbalancer.reactive.LoadBalancerBeanPostProcessorAutoConfiguration$ReactorDeferringLoadBalancerFilterConfig' of type [org.springframework.cloud.client.loadbalancer.reactive.LoadBalancerBeanPostProcessorAutoConfiguration$ReactorDeferringLoadBalancerFilterConfig] is not eligible for getting processed by all BeanPostProcessors (for example: not eligible for auto-proxying). Is this bean getting eagerly injected into a currently created BeanPostProcessor [loadBalancerWebClientBuilderBeanPostProcessor]? Check the corresponding BeanPostProcessor declaration and its dependencies.
2026-06-10 21:52:37.116 WARN  [main] org.springframework.context.support.PostProcessorRegistrationDelegate$BeanPostProcessorChecker - Bean 'reactorDeferringLoadBalancerExchangeFilterFunction' of type [org.springframework.cloud.client.loadbalancer.reactive.DeferringLoadBalancerExchangeFilterFunction] is not eligible for getting processed by all BeanPostProcessors (for example: not eligible for auto-proxying). Is this bean getting eagerly injected into a currently created BeanPostProcessor [loadBalancerWebClientBuilderBeanPostProcessor]? Check the corresponding BeanPostProcessor declaration and its dependencies.
2026-06-10 21:52:37.715 INFO  [main] org.springframework.boot.web.embedded.tomcat.TomcatWebServer - Tomcat initialized with port 8083 (http)
2026-06-10 21:52:37.736 INFO  [main] org.apache.coyote.http11.Http11NioProtocol - Initializing ProtocolHandler ["http-nio-8083"]
2026-06-10 21:52:37.744 INFO  [main] org.apache.catalina.core.StandardService - Starting service [Tomcat]
2026-06-10 21:52:37.745 INFO  [main] org.apache.catalina.core.StandardEngine - Starting Servlet engine: [Apache Tomcat/10.1.30]
2026-06-10 21:52:37.866 INFO  [main] org.apache.catalina.core.ContainerBase.[Tomcat].[localhost].[/] - Initializing Spring embedded WebApplicationContext
2026-06-10 21:52:37.870 INFO  [main] org.springframework.boot.web.servlet.context.ServletWebServerApplicationContext - Root WebApplicationContext: initialization completed in 3661 ms
2026-06-10 21:52:38.557 INFO  [main] org.hibernate.jpa.internal.util.LogHelper - HHH000204: Processing PersistenceUnitInfo [name: default]
2026-06-10 21:52:38.672 INFO  [main] org.hibernate.Version - HHH000412: Hibernate ORM core version 6.5.3.Final
2026-06-10 21:52:38.732 INFO  [main] org.hibernate.cache.internal.RegionFactoryInitiator - HHH000026: Second-level cache disabled
2026-06-10 21:52:39.332 INFO  [main] org.springframework.orm.jpa.persistenceunit.SpringPersistenceUnitInfo - No LoadTimeWeaver setup: ignoring JPA class transformer
2026-06-10 21:52:39.399 INFO  [main] com.zaxxer.hikari.HikariDataSource - HikariPool-1 - Starting...
2026-06-10 21:52:39.879 INFO  [main] com.zaxxer.hikari.pool.HikariPool - HikariPool-1 - Added connection com.mysql.cj.jdbc.ConnectionImpl@3897f9ae
2026-06-10 21:52:39.883 INFO  [main] com.zaxxer.hikari.HikariDataSource - HikariPool-1 - Start completed.
2026-06-10 21:52:39.990 WARN  [main] org.hibernate.orm.deprecation - HHH90000025: MySQLDialect does not need to be specified explicitly using 'hibernate.dialect' (remove the property setting and it will be selected by default)
2026-06-10 21:52:41.770 INFO  [main] org.hibernate.engine.transaction.jta.platform.internal.JtaPlatformInitiator - HHH000489: No JTA platform available (set 'hibernate.transaction.jta.platform' to enable JTA platform integration)
2026-06-10 21:52:41.923 INFO  [main] org.springframework.orm.jpa.LocalContainerEntityManagerFactoryBean - Initialized JPA EntityManagerFactory for persistence unit 'default'
2026-06-10 21:52:45.020 WARN  [main] org.springframework.cloud.loadbalancer.config.LoadBalancerCacheAutoConfiguration$LoadBalancerCaffeineWarnLogger - Spring Cloud LoadBalancer is currently working with the default cache. While this cache implementation is useful for development and tests, it's recommended to use Caffeine cache in production.You can switch to using Caffeine cache, by adding it and org.springframework.cache.caffeine.CaffeineCacheManager to the classpath.
2026-06-10 21:52:45.037 INFO  [main] org.springframework.boot.actuate.endpoint.web.EndpointLinksResolver - Exposing 2 endpoints beneath base path '/actuator'
2026-06-10 21:52:45.162 INFO  [main] org.apache.coyote.http11.Http11NioProtocol - Starting ProtocolHandler ["http-nio-8083"]
2026-06-10 21:52:45.198 INFO  [main] org.springframework.boot.web.embedded.tomcat.TomcatWebServer - Tomcat started on port 8083 (http) with context path '/'
2026-06-10 21:52:45.204 INFO  [main] org.springframework.cloud.consul.serviceregistry.ConsulServiceRegistry - Registering service with consul: NewService{id='cart-service-8083', name='cart-service', tags=[], address='192.168.1.107', meta={secure=false}, port=8083, enableTagOverride=null, check=Check{script='null', dockerContainerID='null', shell='null', interval='10s', ttl='null', http='http://192.168.1.107:8083/actuator/health', method='null', header={}, tcp='null', timeout='null', deregisterCriticalServiceAfter='null', tlsSkipVerify=null, status='null', grpc='null', grpcUseTLS=null}, checks=null}
2026-06-10 21:52:45.290 INFO  [main] com.ekart.cart.CartServiceApplication - Started CartServiceApplication in 11.892 seconds (process running for 13.349)
2026-06-10 21:52:51.888 INFO  [http-nio-8083-exec-1] org.apache.catalina.core.ContainerBase.[Tomcat].[localhost].[/] - Initializing Spring DispatcherServlet 'dispatcherServlet'
2026-06-10 21:52:51.890 INFO  [http-nio-8083-exec-1] org.springframework.web.servlet.DispatcherServlet - Initializing Servlet 'dispatcherServlet'
2026-06-10 21:52:51.892 INFO  [http-nio-8083-exec-1] org.springframework.web.servlet.DispatcherServlet - Completed initialization in 2 ms
2026-06-10 22:18:07.033 DEBUG [http-nio-8083-exec-2] com.ekart.cart.utility.LoggingAspect - Enter: CartController.getProducts(..) with args = [ms@gmail.com]
2026-06-10 22:18:07.360 DEBUG [http-nio-8083-exec-2] com.ekart.cart.utility.LoggingAspect - Enter: CartServiceImpl.getCartProducts(..) with args = [ms@gmail.com]
2026-06-10 22:18:08.613 ERROR [http-nio-8083-exec-2] com.ekart.cart.utility.LoggingAspect - Exception in CartServiceImpl.getCartProducts(..): Sorry No cart found for you
2026-06-10 22:18:08.627 ERROR [http-nio-8083-exec-2] com.ekart.cart.utility.LoggingAspect - Exception in CartController.getProducts(..): Sorry No cart found for you
2026-06-10 22:19:18.892 DEBUG [http-nio-8083-exec-1] com.ekart.cart.utility.LoggingAspect - Enter: CartController.getProducts(..) with args = [ms@gmail.com]
2026-06-10 22:19:18.897 DEBUG [http-nio-8083-exec-1] com.ekart.cart.utility.LoggingAspect - Enter: CartServiceImpl.getCartProducts(..) with args = [ms@gmail.com]
2026-06-10 22:19:18.906 ERROR [http-nio-8083-exec-1] com.ekart.cart.utility.LoggingAspect - Exception in CartServiceImpl.getCartProducts(..): Sorry No cart found for you
2026-06-10 22:19:18.910 ERROR [http-nio-8083-exec-1] com.ekart.cart.utility.LoggingAspect - Exception in CartController.getProducts(..): Sorry No cart found for you
2026-06-10 22:19:18.926 DEBUG [http-nio-8083-exec-3] com.ekart.cart.utility.LoggingAspect - Enter: CartController.getProducts(..) with args = [ms@gmail.com]
2026-06-10 22:19:18.928 DEBUG [http-nio-8083-exec-3] com.ekart.cart.utility.LoggingAspect - Enter: CartServiceImpl.getCartProducts(..) with args = [ms@gmail.com]
2026-06-10 22:19:18.934 ERROR [http-nio-8083-exec-3] com.ekart.cart.utility.LoggingAspect - Exception in CartServiceImpl.getCartProducts(..): Sorry No cart found for you
2026-06-10 22:19:18.936 ERROR [http-nio-8083-exec-3] com.ekart.cart.utility.LoggingAspect - Exception in CartController.getProducts(..): Sorry No cart found for you
