2026-06-10 21:53:40.366 INFO  [background-preinit] org.hibernate.validator.internal.util.Version - HV000001: Hibernate Validator 8.0.1.Final
2026-06-10 21:53:40.474 INFO  [main] com.ekart.order.OrderServiceApplication - Starting OrderServiceApplication using Java 21.0.11 with PID 2628 (C:\Users\Mazin Shamshad\Downloads\ekart\order-service\target\classes started by Mazin Shamshad in C:\Users\Mazin Shamshad\Downloads\ekart\order-service)
2026-06-10 21:53:40.485 INFO  [main] com.ekart.order.OrderServiceApplication - No active profile set, falling back to 1 default profile: "default"
2026-06-10 21:53:42.405 INFO  [main] org.springframework.data.repository.config.RepositoryConfigurationDelegate - Bootstrapping Spring Data JPA repositories in DEFAULT mode.
2026-06-10 21:53:42.670 INFO  [main] org.springframework.data.repository.config.RepositoryConfigurationDelegate - Finished Spring Data repository scanning in 252 ms. Found 1 JPA repository interface.
2026-06-10 21:53:43.169 INFO  [main] org.springframework.cloud.context.scope.GenericScope - BeanFactory id=1c58813a-8ffa-3c6d-a37a-04f5d4b4579b
2026-06-10 21:53:43.931 WARN  [main] org.springframework.context.support.PostProcessorRegistrationDelegate$BeanPostProcessorChecker - Bean 'org.springframework.cloud.client.loadbalancer.LoadBalancerAutoConfiguration$DeferringLoadBalancerInterceptorConfig' of type [org.springframework.cloud.client.loadbalancer.LoadBalancerAutoConfiguration$DeferringLoadBalancerInterceptorConfig] is not eligible for getting processed by all BeanPostProcessors (for example: not eligible for auto-proxying). The currently created BeanPostProcessor [lbRestClientPostProcessor] is declared through a non-static factory method on that class; consider declaring it as static instead.
2026-06-10 21:53:43.937 WARN  [main] org.springframework.context.support.PostProcessorRegistrationDelegate$BeanPostProcessorChecker - Bean 'deferringLoadBalancerInterceptor' of type [org.springframework.cloud.client.loadbalancer.DeferringLoadBalancerInterceptor] is not eligible for getting processed by all BeanPostProcessors (for example: not eligible for auto-proxying). Is this bean getting eagerly injected into a currently created BeanPostProcessor [lbRestClientPostProcessor]? Check the corresponding BeanPostProcessor declaration and its dependencies.
2026-06-10 21:53:43.947 WARN  [main] org.springframework.context.support.PostProcessorRegistrationDelegate$BeanPostProcessorChecker - Bean 'org.springframework.cloud.client.loadbalancer.reactive.LoadBalancerBeanPostProcessorAutoConfiguration' of type [org.springframework.cloud.client.loadbalancer.reactive.LoadBalancerBeanPostProcessorAutoConfiguration] is not eligible for getting processed by all BeanPostProcessors (for example: not eligible for auto-proxying). The currently created BeanPostProcessor [loadBalancerWebClientBuilderBeanPostProcessor] is declared through a non-static factory method on that class; consider declaring it as static instead.
2026-06-10 21:53:43.951 WARN  [main] org.springframework.context.support.PostProcessorRegistrationDelegate$BeanPostProcessorChecker - Bean 'org.springframework.cloud.client.loadbalancer.reactive.LoadBalancerBeanPostProcessorAutoConfiguration$ReactorDeferringLoadBalancerFilterConfig' of type [org.springframework.cloud.client.loadbalancer.reactive.LoadBalancerBeanPostProcessorAutoConfiguration$ReactorDeferringLoadBalancerFilterConfig] is not eligible for getting processed by all BeanPostProcessors (for example: not eligible for auto-proxying). Is this bean getting eagerly injected into a currently created BeanPostProcessor [loadBalancerWebClientBuilderBeanPostProcessor]? Check the corresponding BeanPostProcessor declaration and its dependencies.
2026-06-10 21:53:43.956 WARN  [main] org.springframework.context.support.PostProcessorRegistrationDelegate$BeanPostProcessorChecker - Bean 'reactorDeferringLoadBalancerExchangeFilterFunction' of type [org.springframework.cloud.client.loadbalancer.reactive.DeferringLoadBalancerExchangeFilterFunction] is not eligible for getting processed by all BeanPostProcessors (for example: not eligible for auto-proxying). Is this bean getting eagerly injected into a currently created BeanPostProcessor [loadBalancerWebClientBuilderBeanPostProcessor]? Check the corresponding BeanPostProcessor declaration and its dependencies.
2026-06-10 21:53:44.552 INFO  [main] org.springframework.boot.web.embedded.tomcat.TomcatWebServer - Tomcat initialized with port 8084 (http)
2026-06-10 21:53:44.585 INFO  [main] org.apache.coyote.http11.Http11NioProtocol - Initializing ProtocolHandler ["http-nio-8084"]
2026-06-10 21:53:44.594 INFO  [main] org.apache.catalina.core.StandardService - Starting service [Tomcat]
2026-06-10 21:53:44.594 INFO  [main] org.apache.catalina.core.StandardEngine - Starting Servlet engine: [Apache Tomcat/10.1.30]
2026-06-10 21:53:44.734 INFO  [main] org.apache.catalina.core.ContainerBase.[Tomcat].[localhost].[/] - Initializing Spring embedded WebApplicationContext
2026-06-10 21:53:44.736 INFO  [main] org.springframework.boot.web.servlet.context.ServletWebServerApplicationContext - Root WebApplicationContext: initialization completed in 4152 ms
2026-06-10 21:53:45.257 INFO  [main] org.hibernate.jpa.internal.util.LogHelper - HHH000204: Processing PersistenceUnitInfo [name: default]
2026-06-10 21:53:45.360 INFO  [main] org.hibernate.Version - HHH000412: Hibernate ORM core version 6.5.3.Final
2026-06-10 21:53:45.416 INFO  [main] org.hibernate.cache.internal.RegionFactoryInitiator - HHH000026: Second-level cache disabled
2026-06-10 21:53:45.951 INFO  [main] org.springframework.orm.jpa.persistenceunit.SpringPersistenceUnitInfo - No LoadTimeWeaver setup: ignoring JPA class transformer
2026-06-10 21:53:46.036 INFO  [main] com.zaxxer.hikari.HikariDataSource - HikariPool-1 - Starting...
2026-06-10 21:53:46.360 INFO  [main] com.zaxxer.hikari.pool.HikariPool - HikariPool-1 - Added connection com.mysql.cj.jdbc.ConnectionImpl@2665a2e7
2026-06-10 21:53:46.363 INFO  [main] com.zaxxer.hikari.HikariDataSource - HikariPool-1 - Start completed.
2026-06-10 21:53:46.464 WARN  [main] org.hibernate.orm.deprecation - HHH90000025: MySQLDialect does not need to be specified explicitly using 'hibernate.dialect' (remove the property setting and it will be selected by default)
2026-06-10 21:53:48.110 INFO  [main] org.hibernate.engine.transaction.jta.platform.internal.JtaPlatformInitiator - HHH000489: No JTA platform available (set 'hibernate.transaction.jta.platform' to enable JTA platform integration)
2026-06-10 21:53:48.235 INFO  [main] org.springframework.orm.jpa.LocalContainerEntityManagerFactoryBean - Initialized JPA EntityManagerFactory for persistence unit 'default'
2026-06-10 21:53:51.364 WARN  [main] org.springframework.cloud.loadbalancer.config.LoadBalancerCacheAutoConfiguration$LoadBalancerCaffeineWarnLogger - Spring Cloud LoadBalancer is currently working with the default cache. While this cache implementation is useful for development and tests, it's recommended to use Caffeine cache in production.You can switch to using Caffeine cache, by adding it and org.springframework.cache.caffeine.CaffeineCacheManager to the classpath.
2026-06-10 21:53:51.381 INFO  [main] org.springframework.boot.actuate.endpoint.web.EndpointLinksResolver - Exposing 2 endpoints beneath base path '/actuator'
2026-06-10 21:53:51.497 INFO  [main] org.apache.coyote.http11.Http11NioProtocol - Starting ProtocolHandler ["http-nio-8084"]
2026-06-10 21:53:51.543 INFO  [main] org.springframework.boot.web.embedded.tomcat.TomcatWebServer - Tomcat started on port 8084 (http) with context path '/'
2026-06-10 21:53:51.549 INFO  [main] org.springframework.cloud.consul.serviceregistry.ConsulServiceRegistry - Registering service with consul: NewService{id='order-service-8084', name='order-service', tags=[], address='192.168.1.107', meta={secure=false}, port=8084, enableTagOverride=null, check=Check{script='null', dockerContainerID='null', shell='null', interval='10s', ttl='null', http='http://192.168.1.107:8084/actuator/health', method='null', header={}, tcp='null', timeout='null', deregisterCriticalServiceAfter='null', tlsSkipVerify=null, status='null', grpc='null', grpcUseTLS=null}, checks=null}
2026-06-10 21:53:51.632 INFO  [main] com.ekart.order.OrderServiceApplication - Started OrderServiceApplication in 12.053 seconds (process running for 14.015)
2026-06-10 21:53:58.456 INFO  [http-nio-8084-exec-1] org.apache.catalina.core.ContainerBase.[Tomcat].[localhost].[/] - Initializing Spring DispatcherServlet 'dispatcherServlet'
2026-06-10 21:53:58.458 INFO  [http-nio-8084-exec-1] org.springframework.web.servlet.DispatcherServlet - Initializing Servlet 'dispatcherServlet'
2026-06-10 21:53:58.463 INFO  [http-nio-8084-exec-1] org.springframework.web.servlet.DispatcherServlet - Completed initialization in 4 ms
2026-06-10 22:19:24.620 DEBUG [http-nio-8084-exec-3] com.ekart.order.utility.LoggingAspect - Enter: OrderController.getOrders(..) with args = [ms@gmail.com]
2026-06-10 22:19:24.767 DEBUG [http-nio-8084-exec-3] com.ekart.order.utility.LoggingAspect - Enter: OrderServiceImpl.getOrders(..) with args = [ms@gmail.com]
2026-06-10 22:19:25.546 ERROR [http-nio-8084-exec-3] com.ekart.order.utility.LoggingAspect - Exception in OrderServiceImpl.getOrders(..): No orders are found for customer email id
2026-06-10 22:19:25.559 ERROR [http-nio-8084-exec-3] com.ekart.order.utility.LoggingAspect - Exception in OrderController.getOrders(..): No orders are found for customer email id
2026-06-10 22:19:25.675 DEBUG [http-nio-8084-exec-5] com.ekart.order.utility.LoggingAspect - Enter: OrderController.getOrders(..) with args = [ms@gmail.com]
2026-06-10 22:19:25.677 DEBUG [http-nio-8084-exec-5] com.ekart.order.utility.LoggingAspect - Enter: OrderServiceImpl.getOrders(..) with args = [ms@gmail.com]
2026-06-10 22:19:25.686 ERROR [http-nio-8084-exec-5] com.ekart.order.utility.LoggingAspect - Exception in OrderServiceImpl.getOrders(..): No orders are found for customer email id
2026-06-10 22:19:25.691 ERROR [http-nio-8084-exec-5] com.ekart.order.utility.LoggingAspect - Exception in OrderController.getOrders(..): No orders are found for customer email id
